============================= test session starts =============================
platform win32 -- Python 3.14.0, pytest-9.0.2, pluggy-1.6.0 -- C:\Python314\python.exe
cachedir: .pytest_cache
rootdir: D:\Capable.ai\Internship_project\Financial_Research_AI_Agent\financial_ai\backend
configfile: pytest.ini
plugins: anyio-4.12.1, langsmith-0.7.6, asyncio-1.3.0
asyncio: mode=Mode.AUTO, debug=False, asyncio_default_fixture_loop_scope=None, asyncio_default_test_loop_scope=function
collecting ... collected 4 items

backend\tests\test_financial_data.py::test_get_current_price_success PASSED [ 25%]
backend\tests\test_financial_data.py::test_get_current_price_invalid_symbol PASSED [ 50%]
backend\tests\test_financial_data.py::test_fetch_news_success FAILED     [ 75%]
backend\tests\test_financial_data.py::test_fetch_news_graceful_failure FAILED [100%]

================================== FAILURES ===================================
___________________________ test_fetch_news_success ___________________________
C:\Python314\Lib\unittest\mock.py:1429: in patched
    with self.decoration_helper(patched,
C:\Python314\Lib\contextlib.py:141: in __enter__
    return next(self.gen)
           ^^^^^^^^^^^^^^
C:\Python314\Lib\unittest\mock.py:1411: in decoration_helper
    arg = exit_stack.enter_context(patching)
          ^^^^^^^^^^^^^^^^^^^^^^^^^^^^^^^^^^
C:\Python314\Lib\contextlib.py:530: in enter_context
    result = _enter(cm)
             ^^^^^^^^^^
C:\Python314\Lib\unittest\mock.py:1487: in __enter__
    self.target = self.getter()
                  ^^^^^^^^^^^^^
C:\Python314\Lib\pkgutil.py:473: in resolve_name
    result = getattr(result, p)
             ^^^^^^^^^^^^^^^^^^
E   AttributeError: module 'app.services.news_service' has no attribute 'feedparser'
______________________ test_fetch_news_graceful_failure _______________________
C:\Python314\Lib\unittest\mock.py:1429: in patched
    with self.decoration_helper(patched,
C:\Python314\Lib\contextlib.py:141: in __enter__
    return next(self.gen)
           ^^^^^^^^^^^^^^
C:\Python314\Lib\unittest\mock.py:1411: in decoration_helper
    arg = exit_stack.enter_context(patching)
          ^^^^^^^^^^^^^^^^^^^^^^^^^^^^^^^^^^
C:\Python314\Lib\contextlib.py:530: in enter_context
    result = _enter(cm)
             ^^^^^^^^^^
C:\Python314\Lib\unittest\mock.py:1487: in __enter__
    self.target = self.getter()
                  ^^^^^^^^^^^^^
C:\Python314\Lib\pkgutil.py:473: in resolve_name
    result = getattr(result, p)
             ^^^^^^^^^^^^^^^^^^
E   AttributeError: module 'app.services.news_service' has no attribute 'feedparser'
============================== warnings summary ===============================
backend\app\core\config.py:18
  D:\Capable.ai\Internship_project\Financial_Research_AI_Agent\financial_ai\backend\app\core\config.py:18: PydanticDeprecatedSince20: Support for class-based `config` is deprecated, use ConfigDict instead. Deprecated in Pydantic V2.0 to be removed in V3.0. See Pydantic V2 Migration Guide at https://errors.pydantic.dev/2.12/migration/
    class Settings(BaseSettings):

C:\Users\thala\AppData\Roaming\Python\Python314\site-packages\slowapi\extension.py:717
  C:\Users\thala\AppData\Roaming\Python\Python314\site-packages\slowapi\extension.py:717: DeprecationWarning: 'asyncio.iscoroutinefunction' is deprecated and slated for removal in Python 3.16; use inspect.iscoroutinefunction() instead
    if asyncio.iscoroutinefunction(func):

backend\app\main.py:103
  D:\Capable.ai\Internship_project\Financial_Research_AI_Agent\financial_ai\backend\app\main.py:103: DeprecationWarning: 
          on_event is deprecated, use lifespan event handlers instead.
  
          Read more about it in the
          [FastAPI docs for Lifespan Events](https://fastapi.tiangolo.com/advanced/events/).
          
    @app.on_event("startup")

C:\Users\thala\AppData\Roaming\Python\Python314\site-packages\fastapi\applications.py:4573
C:\Users\thala\AppData\Roaming\Python\Python314\site-packages\fastapi\applications.py:4573
  C:\Users\thala\AppData\Roaming\Python\Python314\site-packages\fastapi\applications.py:4573: DeprecationWarning: 
          on_event is deprecated, use lifespan event handlers instead.
  
          Read more about it in the
          [FastAPI docs for Lifespan Events](https://fastapi.tiangolo.com/advanced/events/).
          
    return self.router.on_event(event_type)

backend\app\main.py:111
  D:\Capable.ai\Internship_project\Financial_Research_AI_Agent\financial_ai\backend\app\main.py:111: DeprecationWarning: 
          on_event is deprecated, use lifespan event handlers instead.
  
          Read more about it in the
          [FastAPI docs for Lifespan Events](https://fastapi.tiangolo.com/advanced/events/).
          
    @app.on_event("shutdown")

-- Docs: https://docs.pytest.org/en/stable/how-to/capture-warnings.html
=========================== short test summary info ===========================
FAILED backend\tests\test_financial_data.py::test_fetch_news_success - Attrib...
FAILED backend\tests\test_financial_data.py::test_fetch_news_graceful_failure
=================== 2 failed, 2 passed, 6 warnings in 0.29s ===================
