============================= test session starts =============================
platform win32 -- Python 3.14.0, pytest-9.0.2, pluggy-1.6.0 -- C:\Python314\python.exe
cachedir: .pytest_cache
rootdir: D:\Capable.ai\Internship_project\Financial_Research_AI_Agent\financial_ai
configfile: pytest.ini
plugins: anyio-4.12.1, asyncio-1.3.0
asyncio: mode=Mode.AUTO, debug=False, asyncio_default_fixture_loop_scope=None, asyncio_default_test_loop_scope=function
collecting ... collected 5 items

tests/test_categorization.py::test_categorize_stock PASSED               [ 20%]
tests/test_categorization.py::test_categorize_news PASSED                [ 40%]
tests/test_categorization.py::test_categorize_portfolio FAILED           [ 60%]
tests/test_categorization.py::test_categorize_general PASSED             [ 80%]
tests/test_categorization.py::test_categorize_fallback PASSED            [100%]

================================== FAILURES ===================================
__________________________ test_categorize_portfolio __________________________
tests\test_categorization.py:39: in test_categorize_portfolio
    assert await categorize_query(q) == "portfolio"
E   AssertionError: assert 'general' == 'portfolio'
E     
E     - portfolio
E     + general
============================== warnings summary ===============================
app\core\config.py:9
  D:\Capable.ai\Internship_project\Financial_Research_AI_Agent\financial_ai\app\core\config.py:9: PydanticDeprecatedSince20: Support for class-based `config` is deprecated, use ConfigDict instead. Deprecated in Pydantic V2.0 to be removed in V3.0. See Pydantic V2 Migration Guide at https://errors.pydantic.dev/2.12/migration/
    class Settings(BaseSettings):

app\main.py:54
  D:\Capable.ai\Internship_project\Financial_Research_AI_Agent\financial_ai\app\main.py:54: DeprecationWarning: 
          on_event is deprecated, use lifespan event handlers instead.
  
          Read more about it in the
          [FastAPI docs for Lifespan Events](https://fastapi.tiangolo.com/advanced/events/).
          
    @app.on_event("startup")

C:\Users\thala\AppData\Roaming\Python\Python314\site-packages\fastapi\applications.py:4573
C:\Users\thala\AppData\Roaming\Python\Python314\site-packages\fastapi\applications.py:4573
  C:\Users\thala\AppData\Roaming\Python\Python314\site-packages\fastapi\applications.py:4573: DeprecationWarning: 
          on_event is deprecated, use lifespan event handlers instead.
  
          Read more about it in the
          [FastAPI docs for Lifespan Events](https://fastapi.tiangolo.com/advanced/events/).
          
    return self.router.on_event(event_type)

app\main.py:59
  D:\Capable.ai\Internship_project\Financial_Research_AI_Agent\financial_ai\app\main.py:59: DeprecationWarning: 
          on_event is deprecated, use lifespan event handlers instead.
  
          Read more about it in the
          [FastAPI docs for Lifespan Events](https://fastapi.tiangolo.com/advanced/events/).
          
    @app.on_event("shutdown")

-- Docs: https://docs.pytest.org/en/stable/how-to/capture-warnings.html
=========================== short test summary info ===========================
FAILED tests/test_categorization.py::test_categorize_portfolio - AssertionErr...
=================== 1 failed, 4 passed, 5 warnings in 0.07s ===================
